src/components/forms/SubscriptionForm.tsx(59,5): error TS2322: Type 'Resolver<{ name: string; amount: string; category: string; frequency: "monthly" | "yearly" | "weekly"; next_payment_date: Date; payment_method?: "cash" | "credit_card" | undefined; }, any, { ...; }>' is not assignable to type 'Resolver<{ name: string; amount: string; category: string; frequency: "monthly" | "yearly" | "weekly"; next_payment_date: Date; payment_method: "cash" | "credit_card"; }, any, { name: string; ... 4 more ...; payment_method: "cash" | "credit_card"; }>'.
  Types of parameters 'options' and 'options' are incompatible.
    Type 'ResolverOptions<{ name: string; amount: string; category: string; frequency: "monthly" | "yearly" | "weekly"; next_payment_date: Date; payment_method: "cash" | "credit_card"; }>' is not assignable to type 'ResolverOptions<{ name: string; amount: string; category: string; frequency: "monthly" | "yearly" | "weekly"; next_payment_date: Date; payment_method?: "cash" | "credit_card" | undefined; }>'.
      Type '"cash" | "credit_card" | undefined' is not assignable to type '"cash" | "credit_card"'.
        Type 'undefined' is not assignable to type '"cash" | "credit_card"'.
src/components/forms/SubscriptionForm.tsx(94,41): error TS2345: Argument of type '(values: { name: string; amount: string; category: string; frequency: "monthly" | "yearly" | "weekly"; next_payment_date: Date; payment_method: "cash" | "credit_card"; }) => Promise<void>' is not assignable to parameter of type 'SubmitHandler<TFieldValues>'.
  Types of parameters 'values' and 'data' are incompatible.
    Type 'TFieldValues' is not assignable to type '{ name: string; amount: string; category: string; frequency: "monthly" | "yearly" | "weekly"; next_payment_date: Date; payment_method: "cash" | "credit_card"; }'.
      Type 'FieldValues' is missing the following properties from type '{ name: string; amount: string; category: string; frequency: "monthly" | "yearly" | "weekly"; next_payment_date: Date; payment_method: "cash" | "credit_card"; }': name, amount, category, frequency, and 2 more.
src/components/forms/SubscriptionForm.tsx(97,13): error TS2322: Type 'Control<{ name: string; amount: string; category: string; frequency: "monthly" | "yearly" | "weekly"; next_payment_date: Date; payment_method: "cash" | "credit_card"; }, any, TFieldValues>' is not assignable to type 'Control<{ name: string; amount: string; category: string; frequency: "monthly" | "yearly" | "weekly"; next_payment_date: Date; payment_method: "cash" | "credit_card"; }, any, { name: string; ... 4 more ...; payment_method: "cash" | "credit_card"; }>'.
  The types of '_options.resolver' are incompatible between these types.
    Type 'Resolver<{ name: string; amount: string; category: string; frequency: "monthly" | "yearly" | "weekly"; next_payment_date: Date; payment_method: "cash" | "credit_card"; }, any, TFieldValues> | undefined' is not assignable to type 'Resolver<{ name: string; amount: string; category: string; frequency: "monthly" | "yearly" | "weekly"; next_payment_date: Date; payment_method: "cash" | "credit_card"; }, any, { name: string; ... 4 more ...; payment_method: "cash" | "credit_card"; }> | undefined'.
      Type 'Resolver<{ name: string; amount: string; category: string; frequency: "monthly" | "yearly" | "weekly"; next_payment_date: Date; payment_method: "cash" | "credit_card"; }, any, TFieldValues>' is not assignable to type 'Resolver<{ name: string; amount: string; category: string; frequency: "monthly" | "yearly" | "weekly"; next_payment_date: Date; payment_method: "cash" | "credit_card"; }, any, { name: string; ... 4 more ...; payment_method: "cash" | "credit_card"; }>'.
        Type 'ResolverResult<{ name: string; amount: string; category: string; frequency: "monthly" | "yearly" | "weekly"; next_payment_date: Date; payment_method: "cash" | "credit_card"; }, TFieldValues> | Promise<...>' is not assignable to type 'ResolverResult<{ name: string; amount: string; category: string; frequency: "monthly" | "yearly" | "weekly"; next_payment_date: Date; payment_method: "cash" | "credit_card"; }, { name: string; ... 4 more ...; payment_method: "cash" | "credit_card"; }> | Promise<...>'.
          Type 'ResolverSuccess<TFieldValues>' is not assignable to type 'ResolverResult<{ name: string; amount: string; category: string; frequency: "monthly" | "yearly" | "weekly"; next_payment_date: Date; payment_method: "cash" | "credit_card"; }, { name: string; ... 4 more ...; payment_method: "cash" | "credit_card"; }> | Promise<...>'.
            Type 'ResolverSuccess<TFieldValues>' is not assignable to type 'ResolverSuccess<{ name: string; amount: string; category: string; frequency: "monthly" | "yearly" | "weekly"; next_payment_date: Date; payment_method: "cash" | "credit_card"; }>'.
              Type 'TFieldValues' is not assignable to type '{ name: string; amount: string; category: string; frequency: "monthly" | "yearly" | "weekly"; next_payment_date: Date; payment_method: "cash" | "credit_card"; }'.
                Type 'FieldValues' is missing the following properties from type '{ name: string; amount: string; category: string; frequency: "monthly" | "yearly" | "weekly"; next_payment_date: Date; payment_method: "cash" | "credit_card"; }': name, amount, category, frequency, and 2 more.
src/components/forms/SubscriptionForm.tsx(111,13): error TS2322: Type 'Control<{ name: string; amount: string; category: string; frequency: "monthly" | "yearly" | "weekly"; next_payment_date: Date; payment_method: "cash" | "credit_card"; }, any, TFieldValues>' is not assignable to type 'Control<{ name: string; amount: string; category: string; frequency: "monthly" | "yearly" | "weekly"; next_payment_date: Date; payment_method: "cash" | "credit_card"; }, any, { name: string; ... 4 more ...; payment_method: "cash" | "credit_card"; }>'.
  The types of '_options.resolver' are incompatible between these types.
    Type 'Resolver<{ name: string; amount: string; category: string; frequency: "monthly" | "yearly" | "weekly"; next_payment_date: Date; payment_method: "cash" | "credit_card"; }, any, TFieldValues> | undefined' is not assignable to type 'Resolver<{ name: string; amount: string; category: string; frequency: "monthly" | "yearly" | "weekly"; next_payment_date: Date; payment_method: "cash" | "credit_card"; }, any, { name: string; ... 4 more ...; payment_method: "cash" | "credit_card"; }> | undefined'.
      Type 'Resolver<{ name: string; amount: string; category: string; frequency: "monthly" | "yearly" | "weekly"; next_payment_date: Date; payment_method: "cash" | "credit_card"; }, any, TFieldValues>' is not assignable to type 'Resolver<{ name: string; amount: string; category: string; frequency: "monthly" | "yearly" | "weekly"; next_payment_date: Date; payment_method: "cash" | "credit_card"; }, any, { name: string; ... 4 more ...; payment_method: "cash" | "credit_card"; }>'.
        Type 'ResolverResult<{ name: string; amount: string; category: string; frequency: "monthly" | "yearly" | "weekly"; next_payment_date: Date; payment_method: "cash" | "credit_card"; }, TFieldValues> | Promise<...>' is not assignable to type 'ResolverResult<{ name: string; amount: string; category: string; frequency: "monthly" | "yearly" | "weekly"; next_payment_date: Date; payment_method: "cash" | "credit_card"; }, { name: string; ... 4 more ...; payment_method: "cash" | "credit_card"; }> | Promise<...>'.
          Type 'ResolverSuccess<TFieldValues>' is not assignable to type 'ResolverResult<{ name: string; amount: string; category: string; frequency: "monthly" | "yearly" | "weekly"; next_payment_date: Date; payment_method: "cash" | "credit_card"; }, { name: string; ... 4 more ...; payment_method: "cash" | "credit_card"; }> | Promise<...>'.
            Type 'ResolverSuccess<TFieldValues>' is not assignable to type 'ResolverSuccess<{ name: string; amount: string; category: string; frequency: "monthly" | "yearly" | "weekly"; next_payment_date: Date; payment_method: "cash" | "credit_card"; }>'.
              Type 'TFieldValues' is not assignable to type '{ name: string; amount: string; category: string; frequency: "monthly" | "yearly" | "weekly"; next_payment_date: Date; payment_method: "cash" | "credit_card"; }'.
                Type 'FieldValues' is missing the following properties from type '{ name: string; amount: string; category: string; frequency: "monthly" | "yearly" | "weekly"; next_payment_date: Date; payment_method: "cash" | "credit_card"; }': name, amount, category, frequency, and 2 more.
src/components/forms/SubscriptionForm.tsx(125,13): error TS2322: Type 'Control<{ name: string; amount: string; category: string; frequency: "monthly" | "yearly" | "weekly"; next_payment_date: Date; payment_method: "cash" | "credit_card"; }, any, TFieldValues>' is not assignable to type 'Control<{ name: string; amount: string; category: string; frequency: "monthly" | "yearly" | "weekly"; next_payment_date: Date; payment_method: "cash" | "credit_card"; }, any, { name: string; ... 4 more ...; payment_method: "cash" | "credit_card"; }>'.
  The types of '_options.resolver' are incompatible between these types.
    Type 'Resolver<{ name: string; amount: string; category: string; frequency: "monthly" | "yearly" | "weekly"; next_payment_date: Date; payment_method: "cash" | "credit_card"; }, any, TFieldValues> | undefined' is not assignable to type 'Resolver<{ name: string; amount: string; category: string; frequency: "monthly" | "yearly" | "weekly"; next_payment_date: Date; payment_method: "cash" | "credit_card"; }, any, { name: string; ... 4 more ...; payment_method: "cash" | "credit_card"; }> | undefined'.
      Type 'Resolver<{ name: string; amount: string; category: string; frequency: "monthly" | "yearly" | "weekly"; next_payment_date: Date; payment_method: "cash" | "credit_card"; }, any, TFieldValues>' is not assignable to type 'Resolver<{ name: string; amount: string; category: string; frequency: "monthly" | "yearly" | "weekly"; next_payment_date: Date; payment_method: "cash" | "credit_card"; }, any, { name: string; ... 4 more ...; payment_method: "cash" | "credit_card"; }>'.
        Type 'ResolverResult<{ name: string; amount: string; category: string; frequency: "monthly" | "yearly" | "weekly"; next_payment_date: Date; payment_method: "cash" | "credit_card"; }, TFieldValues> | Promise<...>' is not assignable to type 'ResolverResult<{ name: string; amount: string; category: string; frequency: "monthly" | "yearly" | "weekly"; next_payment_date: Date; payment_method: "cash" | "credit_card"; }, { name: string; ... 4 more ...; payment_method: "cash" | "credit_card"; }> | Promise<...>'.
          Type 'ResolverSuccess<TFieldValues>' is not assignable to type 'ResolverResult<{ name: string; amount: string; category: string; frequency: "monthly" | "yearly" | "weekly"; next_payment_date: Date; payment_method: "cash" | "credit_card"; }, { name: string; ... 4 more ...; payment_method: "cash" | "credit_card"; }> | Promise<...>'.
            Type 'ResolverSuccess<TFieldValues>' is not assignable to type 'ResolverSuccess<{ name: string; amount: string; category: string; frequency: "monthly" | "yearly" | "weekly"; next_payment_date: Date; payment_method: "cash" | "credit_card"; }>'.
              Type 'TFieldValues' is not assignable to type '{ name: string; amount: string; category: string; frequency: "monthly" | "yearly" | "weekly"; next_payment_date: Date; payment_method: "cash" | "credit_card"; }'.
                Type 'FieldValues' is missing the following properties from type '{ name: string; amount: string; category: string; frequency: "monthly" | "yearly" | "weekly"; next_payment_date: Date; payment_method: "cash" | "credit_card"; }': name, amount, category, frequency, and 2 more.
src/components/forms/SubscriptionForm.tsx(158,13): error TS2322: Type 'Control<{ name: string; amount: string; category: string; frequency: "monthly" | "yearly" | "weekly"; next_payment_date: Date; payment_method: "cash" | "credit_card"; }, any, TFieldValues>' is not assignable to type 'Control<{ name: string; amount: string; category: string; frequency: "monthly" | "yearly" | "weekly"; next_payment_date: Date; payment_method: "cash" | "credit_card"; }, any, { name: string; ... 4 more ...; payment_method: "cash" | "credit_card"; }>'.
  The types of '_options.resolver' are incompatible between these types.
    Type 'Resolver<{ name: string; amount: string; category: string; frequency: "monthly" | "yearly" | "weekly"; next_payment_date: Date; payment_method: "cash" | "credit_card"; }, any, TFieldValues> | undefined' is not assignable to type 'Resolver<{ name: string; amount: string; category: string; frequency: "monthly" | "yearly" | "weekly"; next_payment_date: Date; payment_method: "cash" | "credit_card"; }, any, { name: string; ... 4 more ...; payment_method: "cash" | "credit_card"; }> | undefined'.
      Type 'Resolver<{ name: string; amount: string; category: string; frequency: "monthly" | "yearly" | "weekly"; next_payment_date: Date; payment_method: "cash" | "credit_card"; }, any, TFieldValues>' is not assignable to type 'Resolver<{ name: string; amount: string; category: string; frequency: "monthly" | "yearly" | "weekly"; next_payment_date: Date; payment_method: "cash" | "credit_card"; }, any, { name: string; ... 4 more ...; payment_method: "cash" | "credit_card"; }>'.
        Type 'ResolverResult<{ name: string; amount: string; category: string; frequency: "monthly" | "yearly" | "weekly"; next_payment_date: Date; payment_method: "cash" | "credit_card"; }, TFieldValues> | Promise<...>' is not assignable to type 'ResolverResult<{ name: string; amount: string; category: string; frequency: "monthly" | "yearly" | "weekly"; next_payment_date: Date; payment_method: "cash" | "credit_card"; }, { name: string; ... 4 more ...; payment_method: "cash" | "credit_card"; }> | Promise<...>'.
          Type 'ResolverSuccess<TFieldValues>' is not assignable to type 'ResolverResult<{ name: string; amount: string; category: string; frequency: "monthly" | "yearly" | "weekly"; next_payment_date: Date; payment_method: "cash" | "credit_card"; }, { name: string; ... 4 more ...; payment_method: "cash" | "credit_card"; }> | Promise<...>'.
            Type 'ResolverSuccess<TFieldValues>' is not assignable to type 'ResolverSuccess<{ name: string; amount: string; category: string; frequency: "monthly" | "yearly" | "weekly"; next_payment_date: Date; payment_method: "cash" | "credit_card"; }>'.
              Type 'TFieldValues' is not assignable to type '{ name: string; amount: string; category: string; frequency: "monthly" | "yearly" | "weekly"; next_payment_date: Date; payment_method: "cash" | "credit_card"; }'.
                Type 'FieldValues' is missing the following properties from type '{ name: string; amount: string; category: string; frequency: "monthly" | "yearly" | "weekly"; next_payment_date: Date; payment_method: "cash" | "credit_card"; }': name, amount, category, frequency, and 2 more.
src/components/forms/SubscriptionForm.tsx(187,13): error TS2322: Type 'Control<{ name: string; amount: string; category: string; frequency: "monthly" | "yearly" | "weekly"; next_payment_date: Date; payment_method: "cash" | "credit_card"; }, any, TFieldValues>' is not assignable to type 'Control<{ name: string; amount: string; category: string; frequency: "monthly" | "yearly" | "weekly"; next_payment_date: Date; payment_method: "cash" | "credit_card"; }, any, { name: string; ... 4 more ...; payment_method: "cash" | "credit_card"; }>'.
  The types of '_options.resolver' are incompatible between these types.
    Type 'Resolver<{ name: string; amount: string; category: string; frequency: "monthly" | "yearly" | "weekly"; next_payment_date: Date; payment_method: "cash" | "credit_card"; }, any, TFieldValues> | undefined' is not assignable to type 'Resolver<{ name: string; amount: string; category: string; frequency: "monthly" | "yearly" | "weekly"; next_payment_date: Date; payment_method: "cash" | "credit_card"; }, any, { name: string; ... 4 more ...; payment_method: "cash" | "credit_card"; }> | undefined'.
      Type 'Resolver<{ name: string; amount: string; category: string; frequency: "monthly" | "yearly" | "weekly"; next_payment_date: Date; payment_method: "cash" | "credit_card"; }, any, TFieldValues>' is not assignable to type 'Resolver<{ name: string; amount: string; category: string; frequency: "monthly" | "yearly" | "weekly"; next_payment_date: Date; payment_method: "cash" | "credit_card"; }, any, { name: string; ... 4 more ...; payment_method: "cash" | "credit_card"; }>'.
        Type 'ResolverResult<{ name: string; amount: string; category: string; frequency: "monthly" | "yearly" | "weekly"; next_payment_date: Date; payment_method: "cash" | "credit_card"; }, TFieldValues> | Promise<...>' is not assignable to type 'ResolverResult<{ name: string; amount: string; category: string; frequency: "monthly" | "yearly" | "weekly"; next_payment_date: Date; payment_method: "cash" | "credit_card"; }, { name: string; ... 4 more ...; payment_method: "cash" | "credit_card"; }> | Promise<...>'.
          Type 'ResolverSuccess<TFieldValues>' is not assignable to type 'ResolverResult<{ name: string; amount: string; category: string; frequency: "monthly" | "yearly" | "weekly"; next_payment_date: Date; payment_method: "cash" | "credit_card"; }, { name: string; ... 4 more ...; payment_method: "cash" | "credit_card"; }> | Promise<...>'.
            Type 'ResolverSuccess<TFieldValues>' is not assignable to type 'ResolverSuccess<{ name: string; amount: string; category: string; frequency: "monthly" | "yearly" | "weekly"; next_payment_date: Date; payment_method: "cash" | "credit_card"; }>'.
              Type 'TFieldValues' is not assignable to type '{ name: string; amount: string; category: string; frequency: "monthly" | "yearly" | "weekly"; next_payment_date: Date; payment_method: "cash" | "credit_card"; }'.
                Type 'FieldValues' is missing the following properties from type '{ name: string; amount: string; category: string; frequency: "monthly" | "yearly" | "weekly"; next_payment_date: Date; payment_method: "cash" | "credit_card"; }': name, amount, category, frequency, and 2 more.
src/components/forms/SubscriptionForm.tsx(227,13): error TS2322: Type 'Control<{ name: string; amount: string; category: string; frequency: "monthly" | "yearly" | "weekly"; next_payment_date: Date; payment_method: "cash" | "credit_card"; }, any, TFieldValues>' is not assignable to type 'Control<{ name: string; amount: string; category: string; frequency: "monthly" | "yearly" | "weekly"; next_payment_date: Date; payment_method: "cash" | "credit_card"; }, any, { name: string; ... 4 more ...; payment_method: "cash" | "credit_card"; }>'.
  The types of '_options.resolver' are incompatible between these types.
    Type 'Resolver<{ name: string; amount: string; category: string; frequency: "monthly" | "yearly" | "weekly"; next_payment_date: Date; payment_method: "cash" | "credit_card"; }, any, TFieldValues> | undefined' is not assignable to type 'Resolver<{ name: string; amount: string; category: string; frequency: "monthly" | "yearly" | "weekly"; next_payment_date: Date; payment_method: "cash" | "credit_card"; }, any, { name: string; ... 4 more ...; payment_method: "cash" | "credit_card"; }> | undefined'.
      Type 'Resolver<{ name: string; amount: string; category: string; frequency: "monthly" | "yearly" | "weekly"; next_payment_date: Date; payment_method: "cash" | "credit_card"; }, any, TFieldValues>' is not assignable to type 'Resolver<{ name: string; amount: string; category: string; frequency: "monthly" | "yearly" | "weekly"; next_payment_date: Date; payment_method: "cash" | "credit_card"; }, any, { name: string; ... 4 more ...; payment_method: "cash" | "credit_card"; }>'.
        Type 'ResolverResult<{ name: string; amount: string; category: string; frequency: "monthly" | "yearly" | "weekly"; next_payment_date: Date; payment_method: "cash" | "credit_card"; }, TFieldValues> | Promise<...>' is not assignable to type 'ResolverResult<{ name: string; amount: string; category: string; frequency: "monthly" | "yearly" | "weekly"; next_payment_date: Date; payment_method: "cash" | "credit_card"; }, { name: string; ... 4 more ...; payment_method: "cash" | "credit_card"; }> | Promise<...>'.
          Type 'ResolverSuccess<TFieldValues>' is not assignable to type 'ResolverResult<{ name: string; amount: string; category: string; frequency: "monthly" | "yearly" | "weekly"; next_payment_date: Date; payment_method: "cash" | "credit_card"; }, { name: string; ... 4 more ...; payment_method: "cash" | "credit_card"; }> | Promise<...>'.
            Type 'ResolverSuccess<TFieldValues>' is not assignable to type 'ResolverSuccess<{ name: string; amount: string; category: string; frequency: "monthly" | "yearly" | "weekly"; next_payment_date: Date; payment_method: "cash" | "credit_card"; }>'.
              Type 'TFieldValues' is not assignable to type '{ name: string; amount: string; category: string; frequency: "monthly" | "yearly" | "weekly"; next_payment_date: Date; payment_method: "cash" | "credit_card"; }'.
                Type 'FieldValues' is missing the following properties from type '{ name: string; amount: string; category: string; frequency: "monthly" | "yearly" | "weekly"; next_payment_date: Date; payment_method: "cash" | "credit_card"; }': name, amount, category, frequency, and 2 more.
src/components/subscriptions/EditSubscriptionModal.tsx(77,5): error TS2322: Type 'Resolver<{ name: string; amount: string; billing_period: "monthly" | "yearly" | "weekly"; category: string; next_billing_date: Date; payment_method?: "cash" | "credit_card" | undefined; }, any, { ...; }>' is not assignable to type 'Resolver<{ name: string; amount: string; billing_period: "monthly" | "yearly" | "weekly"; category: string; next_billing_date: Date; payment_method: "cash" | "credit_card"; }, any, { ...; }>'.
  Types of parameters 'options' and 'options' are incompatible.
    Type 'ResolverOptions<{ name: string; amount: string; billing_period: "monthly" | "yearly" | "weekly"; category: string; next_billing_date: Date; payment_method: "cash" | "credit_card"; }>' is not assignable to type 'ResolverOptions<{ name: string; amount: string; billing_period: "monthly" | "yearly" | "weekly"; category: string; next_billing_date: Date; payment_method?: "cash" | "credit_card" | undefined; }>'.
      Type '"cash" | "credit_card" | undefined' is not assignable to type '"cash" | "credit_card"'.
        Type 'undefined' is not assignable to type '"cash" | "credit_card"'.
src/components/subscriptions/EditSubscriptionModal.tsx(127,45): error TS2345: Argument of type '(values: { name: string; amount: string; billing_period: "monthly" | "yearly" | "weekly"; category: string; next_billing_date: Date; payment_method: "cash" | "credit_card"; }) => void' is not assignable to parameter of type 'SubmitHandler<TFieldValues>'.
  Types of parameters 'values' and 'data' are incompatible.
    Type 'TFieldValues' is not assignable to type '{ name: string; amount: string; billing_period: "monthly" | "yearly" | "weekly"; category: string; next_billing_date: Date; payment_method: "cash" | "credit_card"; }'.
      Type 'FieldValues' is missing the following properties from type '{ name: string; amount: string; billing_period: "monthly" | "yearly" | "weekly"; category: string; next_billing_date: Date; payment_method: "cash" | "credit_card"; }': name, amount, billing_period, category, and 2 more.
src/components/subscriptions/EditSubscriptionModal.tsx(129,15): error TS2322: Type 'Control<{ name: string; amount: string; billing_period: "monthly" | "yearly" | "weekly"; category: string; next_billing_date: Date; payment_method: "cash" | "credit_card"; }, any, TFieldValues>' is not assignable to type 'Control<{ name: string; amount: string; billing_period: "monthly" | "yearly" | "weekly"; category: string; next_billing_date: Date; payment_method: "cash" | "credit_card"; }, any, { ...; }>'.
  The types of '_options.resolver' are incompatible between these types.
    Type 'Resolver<{ name: string; amount: string; billing_period: "monthly" | "yearly" | "weekly"; category: string; next_billing_date: Date; payment_method: "cash" | "credit_card"; }, any, TFieldValues> | undefined' is not assignable to type 'Resolver<{ name: string; amount: string; billing_period: "monthly" | "yearly" | "weekly"; category: string; next_billing_date: Date; payment_method: "cash" | "credit_card"; }, any, { ...; }> | undefined'.
      Type 'Resolver<{ name: string; amount: string; billing_period: "monthly" | "yearly" | "weekly"; category: string; next_billing_date: Date; payment_method: "cash" | "credit_card"; }, any, TFieldValues>' is not assignable to type 'Resolver<{ name: string; amount: string; billing_period: "monthly" | "yearly" | "weekly"; category: string; next_billing_date: Date; payment_method: "cash" | "credit_card"; }, any, { ...; }>'.
        Type 'ResolverResult<{ name: string; amount: string; billing_period: "monthly" | "yearly" | "weekly"; category: string; next_billing_date: Date; payment_method: "cash" | "credit_card"; }, TFieldValues> | Promise<...>' is not assignable to type 'ResolverResult<{ name: string; amount: string; billing_period: "monthly" | "yearly" | "weekly"; category: string; next_billing_date: Date; payment_method: "cash" | "credit_card"; }, { name: string; ... 4 more ...; payment_method: "cash" | "credit_card"; }> | Promise<...>'.
          Type 'ResolverSuccess<TFieldValues>' is not assignable to type 'ResolverResult<{ name: string; amount: string; billing_period: "monthly" | "yearly" | "weekly"; category: string; next_billing_date: Date; payment_method: "cash" | "credit_card"; }, { name: string; ... 4 more ...; payment_method: "cash" | "credit_card"; }> | Promise<...>'.
            Type 'ResolverSuccess<TFieldValues>' is not assignable to type 'ResolverSuccess<{ name: string; amount: string; billing_period: "monthly" | "yearly" | "weekly"; category: string; next_billing_date: Date; payment_method: "cash" | "credit_card"; }>'.
              Type 'TFieldValues' is not assignable to type '{ name: string; amount: string; billing_period: "monthly" | "yearly" | "weekly"; category: string; next_billing_date: Date; payment_method: "cash" | "credit_card"; }'.
                Type 'FieldValues' is missing the following properties from type '{ name: string; amount: string; billing_period: "monthly" | "yearly" | "weekly"; category: string; next_billing_date: Date; payment_method: "cash" | "credit_card"; }': name, amount, billing_period, category, and 2 more.
src/components/subscriptions/EditSubscriptionModal.tsx(144,17): error TS2322: Type 'Control<{ name: string; amount: string; billing_period: "monthly" | "yearly" | "weekly"; category: string; next_billing_date: Date; payment_method: "cash" | "credit_card"; }, any, TFieldValues>' is not assignable to type 'Control<{ name: string; amount: string; billing_period: "monthly" | "yearly" | "weekly"; category: string; next_billing_date: Date; payment_method: "cash" | "credit_card"; }, any, { ...; }>'.
  The types of '_options.resolver' are incompatible between these types.
    Type 'Resolver<{ name: string; amount: string; billing_period: "monthly" | "yearly" | "weekly"; category: string; next_billing_date: Date; payment_method: "cash" | "credit_card"; }, any, TFieldValues> | undefined' is not assignable to type 'Resolver<{ name: string; amount: string; billing_period: "monthly" | "yearly" | "weekly"; category: string; next_billing_date: Date; payment_method: "cash" | "credit_card"; }, any, { ...; }> | undefined'.
      Type 'Resolver<{ name: string; amount: string; billing_period: "monthly" | "yearly" | "weekly"; category: string; next_billing_date: Date; payment_method: "cash" | "credit_card"; }, any, TFieldValues>' is not assignable to type 'Resolver<{ name: string; amount: string; billing_period: "monthly" | "yearly" | "weekly"; category: string; next_billing_date: Date; payment_method: "cash" | "credit_card"; }, any, { ...; }>'.
        Type 'ResolverResult<{ name: string; amount: string; billing_period: "monthly" | "yearly" | "weekly"; category: string; next_billing_date: Date; payment_method: "cash" | "credit_card"; }, TFieldValues> | Promise<...>' is not assignable to type 'ResolverResult<{ name: string; amount: string; billing_period: "monthly" | "yearly" | "weekly"; category: string; next_billing_date: Date; payment_method: "cash" | "credit_card"; }, { name: string; ... 4 more ...; payment_method: "cash" | "credit_card"; }> | Promise<...>'.
          Type 'ResolverSuccess<TFieldValues>' is not assignable to type 'ResolverResult<{ name: string; amount: string; billing_period: "monthly" | "yearly" | "weekly"; category: string; next_billing_date: Date; payment_method: "cash" | "credit_card"; }, { name: string; ... 4 more ...; payment_method: "cash" | "credit_card"; }> | Promise<...>'.
            Type 'ResolverSuccess<TFieldValues>' is not assignable to type 'ResolverSuccess<{ name: string; amount: string; billing_period: "monthly" | "yearly" | "weekly"; category: string; next_billing_date: Date; payment_method: "cash" | "credit_card"; }>'.
              Type 'TFieldValues' is not assignable to type '{ name: string; amount: string; billing_period: "monthly" | "yearly" | "weekly"; category: string; next_billing_date: Date; payment_method: "cash" | "credit_card"; }'.
                Type 'FieldValues' is missing the following properties from type '{ name: string; amount: string; billing_period: "monthly" | "yearly" | "weekly"; category: string; next_billing_date: Date; payment_method: "cash" | "credit_card"; }': name, amount, billing_period, category, and 2 more.
src/components/subscriptions/EditSubscriptionModal.tsx(158,17): error TS2322: Type 'Control<{ name: string; amount: string; billing_period: "monthly" | "yearly" | "weekly"; category: string; next_billing_date: Date; payment_method: "cash" | "credit_card"; }, any, TFieldValues>' is not assignable to type 'Control<{ name: string; amount: string; billing_period: "monthly" | "yearly" | "weekly"; category: string; next_billing_date: Date; payment_method: "cash" | "credit_card"; }, any, { ...; }>'.
  The types of '_options.resolver' are incompatible between these types.
    Type 'Resolver<{ name: string; amount: string; billing_period: "monthly" | "yearly" | "weekly"; category: string; next_billing_date: Date; payment_method: "cash" | "credit_card"; }, any, TFieldValues> | undefined' is not assignable to type 'Resolver<{ name: string; amount: string; billing_period: "monthly" | "yearly" | "weekly"; category: string; next_billing_date: Date; payment_method: "cash" | "credit_card"; }, any, { ...; }> | undefined'.
      Type 'Resolver<{ name: string; amount: string; billing_period: "monthly" | "yearly" | "weekly"; category: string; next_billing_date: Date; payment_method: "cash" | "credit_card"; }, any, TFieldValues>' is not assignable to type 'Resolver<{ name: string; amount: string; billing_period: "monthly" | "yearly" | "weekly"; category: string; next_billing_date: Date; payment_method: "cash" | "credit_card"; }, any, { ...; }>'.
        Type 'ResolverResult<{ name: string; amount: string; billing_period: "monthly" | "yearly" | "weekly"; category: string; next_billing_date: Date; payment_method: "cash" | "credit_card"; }, TFieldValues> | Promise<...>' is not assignable to type 'ResolverResult<{ name: string; amount: string; billing_period: "monthly" | "yearly" | "weekly"; category: string; next_billing_date: Date; payment_method: "cash" | "credit_card"; }, { name: string; ... 4 more ...; payment_method: "cash" | "credit_card"; }> | Promise<...>'.
          Type 'ResolverSuccess<TFieldValues>' is not assignable to type 'ResolverResult<{ name: string; amount: string; billing_period: "monthly" | "yearly" | "weekly"; category: string; next_billing_date: Date; payment_method: "cash" | "credit_card"; }, { name: string; ... 4 more ...; payment_method: "cash" | "credit_card"; }> | Promise<...>'.
            Type 'ResolverSuccess<TFieldValues>' is not assignable to type 'ResolverSuccess<{ name: string; amount: string; billing_period: "monthly" | "yearly" | "weekly"; category: string; next_billing_date: Date; payment_method: "cash" | "credit_card"; }>'.
              Type 'TFieldValues' is not assignable to type '{ name: string; amount: string; billing_period: "monthly" | "yearly" | "weekly"; category: string; next_billing_date: Date; payment_method: "cash" | "credit_card"; }'.
                Type 'FieldValues' is missing the following properties from type '{ name: string; amount: string; billing_period: "monthly" | "yearly" | "weekly"; category: string; next_billing_date: Date; payment_method: "cash" | "credit_card"; }': name, amount, billing_period, category, and 2 more.
src/components/subscriptions/EditSubscriptionModal.tsx(182,15): error TS2322: Type 'Control<{ name: string; amount: string; billing_period: "monthly" | "yearly" | "weekly"; category: string; next_billing_date: Date; payment_method: "cash" | "credit_card"; }, any, TFieldValues>' is not assignable to type 'Control<{ name: string; amount: string; billing_period: "monthly" | "yearly" | "weekly"; category: string; next_billing_date: Date; payment_method: "cash" | "credit_card"; }, any, { ...; }>'.
  The types of '_options.resolver' are incompatible between these types.
    Type 'Resolver<{ name: string; amount: string; billing_period: "monthly" | "yearly" | "weekly"; category: string; next_billing_date: Date; payment_method: "cash" | "credit_card"; }, any, TFieldValues> | undefined' is not assignable to type 'Resolver<{ name: string; amount: string; billing_period: "monthly" | "yearly" | "weekly"; category: string; next_billing_date: Date; payment_method: "cash" | "credit_card"; }, any, { ...; }> | undefined'.
      Type 'Resolver<{ name: string; amount: string; billing_period: "monthly" | "yearly" | "weekly"; category: string; next_billing_date: Date; payment_method: "cash" | "credit_card"; }, any, TFieldValues>' is not assignable to type 'Resolver<{ name: string; amount: string; billing_period: "monthly" | "yearly" | "weekly"; category: string; next_billing_date: Date; payment_method: "cash" | "credit_card"; }, any, { ...; }>'.
        Type 'ResolverResult<{ name: string; amount: string; billing_period: "monthly" | "yearly" | "weekly"; category: string; next_billing_date: Date; payment_method: "cash" | "credit_card"; }, TFieldValues> | Promise<...>' is not assignable to type 'ResolverResult<{ name: string; amount: string; billing_period: "monthly" | "yearly" | "weekly"; category: string; next_billing_date: Date; payment_method: "cash" | "credit_card"; }, { name: string; ... 4 more ...; payment_method: "cash" | "credit_card"; }> | Promise<...>'.
          Type 'ResolverSuccess<TFieldValues>' is not assignable to type 'ResolverResult<{ name: string; amount: string; billing_period: "monthly" | "yearly" | "weekly"; category: string; next_billing_date: Date; payment_method: "cash" | "credit_card"; }, { name: string; ... 4 more ...; payment_method: "cash" | "credit_card"; }> | Promise<...>'.
            Type 'ResolverSuccess<TFieldValues>' is not assignable to type 'ResolverSuccess<{ name: string; amount: string; billing_period: "monthly" | "yearly" | "weekly"; category: string; next_billing_date: Date; payment_method: "cash" | "credit_card"; }>'.
              Type 'TFieldValues' is not assignable to type '{ name: string; amount: string; billing_period: "monthly" | "yearly" | "weekly"; category: string; next_billing_date: Date; payment_method: "cash" | "credit_card"; }'.
                Type 'FieldValues' is missing the following properties from type '{ name: string; amount: string; billing_period: "monthly" | "yearly" | "weekly"; category: string; next_billing_date: Date; payment_method: "cash" | "credit_card"; }': name, amount, billing_period, category, and 2 more.
src/components/subscriptions/EditSubscriptionModal.tsx(207,15): error TS2322: Type 'Control<{ name: string; amount: string; billing_period: "monthly" | "yearly" | "weekly"; category: string; next_billing_date: Date; payment_method: "cash" | "credit_card"; }, any, TFieldValues>' is not assignable to type 'Control<{ name: string; amount: string; billing_period: "monthly" | "yearly" | "weekly"; category: string; next_billing_date: Date; payment_method: "cash" | "credit_card"; }, any, { ...; }>'.
  The types of '_options.resolver' are incompatible between these types.
    Type 'Resolver<{ name: string; amount: string; billing_period: "monthly" | "yearly" | "weekly"; category: string; next_billing_date: Date; payment_method: "cash" | "credit_card"; }, any, TFieldValues> | undefined' is not assignable to type 'Resolver<{ name: string; amount: string; billing_period: "monthly" | "yearly" | "weekly"; category: string; next_billing_date: Date; payment_method: "cash" | "credit_card"; }, any, { ...; }> | undefined'.
      Type 'Resolver<{ name: string; amount: string; billing_period: "monthly" | "yearly" | "weekly"; category: string; next_billing_date: Date; payment_method: "cash" | "credit_card"; }, any, TFieldValues>' is not assignable to type 'Resolver<{ name: string; amount: string; billing_period: "monthly" | "yearly" | "weekly"; category: string; next_billing_date: Date; payment_method: "cash" | "credit_card"; }, any, { ...; }>'.
        Type 'ResolverResult<{ name: string; amount: string; billing_period: "monthly" | "yearly" | "weekly"; category: string; next_billing_date: Date; payment_method: "cash" | "credit_card"; }, TFieldValues> | Promise<...>' is not assignable to type 'ResolverResult<{ name: string; amount: string; billing_period: "monthly" | "yearly" | "weekly"; category: string; next_billing_date: Date; payment_method: "cash" | "credit_card"; }, { name: string; ... 4 more ...; payment_method: "cash" | "credit_card"; }> | Promise<...>'.
          Type 'ResolverSuccess<TFieldValues>' is not assignable to type 'ResolverResult<{ name: string; amount: string; billing_period: "monthly" | "yearly" | "weekly"; category: string; next_billing_date: Date; payment_method: "cash" | "credit_card"; }, { name: string; ... 4 more ...; payment_method: "cash" | "credit_card"; }> | Promise<...>'.
            Type 'ResolverSuccess<TFieldValues>' is not assignable to type 'ResolverSuccess<{ name: string; amount: string; billing_period: "monthly" | "yearly" | "weekly"; category: string; next_billing_date: Date; payment_method: "cash" | "credit_card"; }>'.
              Type 'TFieldValues' is not assignable to type '{ name: string; amount: string; billing_period: "monthly" | "yearly" | "weekly"; category: string; next_billing_date: Date; payment_method: "cash" | "credit_card"; }'.
                Type 'FieldValues' is missing the following properties from type '{ name: string; amount: string; billing_period: "monthly" | "yearly" | "weekly"; category: string; next_billing_date: Date; payment_method: "cash" | "credit_card"; }': name, amount, billing_period, category, and 2 more.
src/components/subscriptions/EditSubscriptionModal.tsx(244,15): error TS2322: Type 'Control<{ name: string; amount: string; billing_period: "monthly" | "yearly" | "weekly"; category: string; next_billing_date: Date; payment_method: "cash" | "credit_card"; }, any, TFieldValues>' is not assignable to type 'Control<{ name: string; amount: string; billing_period: "monthly" | "yearly" | "weekly"; category: string; next_billing_date: Date; payment_method: "cash" | "credit_card"; }, any, { ...; }>'.
  The types of '_options.resolver' are incompatible between these types.
    Type 'Resolver<{ name: string; amount: string; billing_period: "monthly" | "yearly" | "weekly"; category: string; next_billing_date: Date; payment_method: "cash" | "credit_card"; }, any, TFieldValues> | undefined' is not assignable to type 'Resolver<{ name: string; amount: string; billing_period: "monthly" | "yearly" | "weekly"; category: string; next_billing_date: Date; payment_method: "cash" | "credit_card"; }, any, { ...; }> | undefined'.
      Type 'Resolver<{ name: string; amount: string; billing_period: "monthly" | "yearly" | "weekly"; category: string; next_billing_date: Date; payment_method: "cash" | "credit_card"; }, any, TFieldValues>' is not assignable to type 'Resolver<{ name: string; amount: string; billing_period: "monthly" | "yearly" | "weekly"; category: string; next_billing_date: Date; payment_method: "cash" | "credit_card"; }, any, { ...; }>'.
        Type 'ResolverResult<{ name: string; amount: string; billing_period: "monthly" | "yearly" | "weekly"; category: string; next_billing_date: Date; payment_method: "cash" | "credit_card"; }, TFieldValues> | Promise<...>' is not assignable to type 'ResolverResult<{ name: string; amount: string; billing_period: "monthly" | "yearly" | "weekly"; category: string; next_billing_date: Date; payment_method: "cash" | "credit_card"; }, { name: string; ... 4 more ...; payment_method: "cash" | "credit_card"; }> | Promise<...>'.
          Type 'ResolverSuccess<TFieldValues>' is not assignable to type 'ResolverResult<{ name: string; amount: string; billing_period: "monthly" | "yearly" | "weekly"; category: string; next_billing_date: Date; payment_method: "cash" | "credit_card"; }, { name: string; ... 4 more ...; payment_method: "cash" | "credit_card"; }> | Promise<...>'.
            Type 'ResolverSuccess<TFieldValues>' is not assignable to type 'ResolverSuccess<{ name: string; amount: string; billing_period: "monthly" | "yearly" | "weekly"; category: string; next_billing_date: Date; payment_method: "cash" | "credit_card"; }>'.
              Type 'TFieldValues' is not assignable to type '{ name: string; amount: string; billing_period: "monthly" | "yearly" | "weekly"; category: string; next_billing_date: Date; payment_method: "cash" | "credit_card"; }'.
                Type 'FieldValues' is missing the following properties from type '{ name: string; amount: string; billing_period: "monthly" | "yearly" | "weekly"; category: string; next_billing_date: Date; payment_method: "cash" | "credit_card"; }': name, amount, billing_period, category, and 2 more.
